
==============================================================================
[2026-05-19 22:18:56 UTC] TRADE DECISION
==============================================================================
Symbol		 : BTC/USDT:USDT
Decision		 : SHORT
Entry			 : $76,722.00
Stop Loss		 : $76,934.60
Take Profit	 : $75,568.00
Risk %		 : 0.5
R:R Ratio		 : 5.43
AI Comment	 : [MOCK] HTF trend bearish (3 unmitigated FVG, 4 bearish OB). Aşağıda likidite duvarı hedefleniyor. SL son swing high üstünde, R:R ≈ 5.43.
------------------------------------------------------------------------------
[JSON]: {"karar": "SHORT", "risk_yuzdesi": 0.5, "ai_yorumu": "[MOCK] HTF trend bearish (3 unmitigated FVG, 4 bearish OB). Aşağıda likidite duvarı hedefleniyor. SL son swing high üstünde, R:R ≈ 5.43.", "giris_fiyati": 76722.0, "stop_loss": 76934.6, "take_profit": 75568.0}
==============================================================================

==============================================================================
[2026-05-19 22:19:11 UTC] TRADE DECISION
==============================================================================
Symbol		 : BTC/USDT:USDT
Decision		 : SHORT
Entry			 : $76,721.40
Stop Loss		 : $76,934.00
Take Profit	 : $75,564.50
Risk %		 : 0.5
R:R Ratio		 : 5.44
AI Comment	 : [MOCK] HTF trend bearish (3 unmitigated FVG, 4 bearish OB). Aşağıda likidite duvarı hedefleniyor. SL son swing high üstünde, R:R ≈ 5.44.
------------------------------------------------------------------------------
[JSON]: {"karar": "SHORT", "risk_yuzdesi": 0.5, "ai_yorumu": "[MOCK] HTF trend bearish (3 unmitigated FVG, 4 bearish OB). Aşağıda likidite duvarı hedefleniyor. SL son swing high üstünde, R:R ≈ 5.44.", "giris_fiyati": 76721.4, "stop_loss": 76934.0, "take_profit": 75564.5}
==============================================================================

==============================================================================
[2026-05-19 22:19:27 UTC] TRADE DECISION
==============================================================================
Symbol		 : BTC/USDT:USDT
Decision		 : SHORT
Entry			 : $76,712.00
Stop Loss		 : $76,924.60
Take Profit	 : $74,416.00
Risk %		 : 0.5
R:R Ratio		 : 10.80
AI Comment	 : [MOCK] HTF trend bearish (3 unmitigated FVG, 4 bearish OB). Aşağıda likidite duvarı hedefleniyor. SL son swing high üstünde, R:R ≈ 10.80.
------------------------------------------------------------------------------
[JSON]: {"karar": "SHORT", "risk_yuzdesi": 0.5, "ai_yorumu": "[MOCK] HTF trend bearish (3 unmitigated FVG, 4 bearish OB). Aşağıda likidite duvarı hedefleniyor. SL son swing high üstünde, R:R ≈ 10.80.", "giris_fiyati": 76712.0, "stop_loss": 76924.6, "take_profit": 74416.0}
==============================================================================

==============================================================================
[2026-05-19 22:19:43 UTC] TRADE DECISION
==============================================================================
Symbol		 : BTC/USDT:USDT
Decision		 : SHORT
Entry			 : $76,717.80
Stop Loss		 : $76,930.40
Take Profit	 : $74,393.00
Risk %		 : 0.5
R:R Ratio		 : 10.94
AI Comment	 : [MOCK] HTF trend bearish (3 unmitigated FVG, 4 bearish OB). Aşağıda likidite duvarı hedefleniyor. SL son swing high üstünde, R:R ≈ 10.94.
------------------------------------------------------------------------------
[JSON]: {"karar": "SHORT", "risk_yuzdesi": 0.5, "ai_yorumu": "[MOCK] HTF trend bearish (3 unmitigated FVG, 4 bearish OB). Aşağıda likidite duvarı hedefleniyor. SL son swing high üstünde, R:R ≈ 10.94.", "giris_fiyati": 76717.8, "stop_loss": 76930.4, "take_profit": 74393.0}
==============================================================================

==============================================================================
[2026-05-19 22:19:59 UTC] TRADE DECISION
==============================================================================
Symbol		 : BTC/USDT:USDT
Decision		 : SHORT
Entry			 : $76,727.70
Stop Loss		 : $76,940.30
Take Profit	 : $75,567.50
Risk %		 : 0.5
R:R Ratio		 : 5.46
AI Comment	 : [MOCK] HTF trend bearish (3 unmitigated FVG, 4 bearish OB). Aşağıda likidite duvarı hedefleniyor. SL son swing high üstünde, R:R ≈ 5.46.
------------------------------------------------------------------------------
[JSON]: {"karar": "SHORT", "risk_yuzdesi": 0.5, "ai_yorumu": "[MOCK] HTF trend bearish (3 unmitigated FVG, 4 bearish OB). Aşağıda likidite duvarı hedefleniyor. SL son swing high üstünde, R:R ≈ 5.46.", "giris_fiyati": 76727.7, "stop_loss": 76940.3, "take_profit": 75567.5}
==============================================================================

==============================================================================
[2026-05-19 22:20:14 UTC] TRADE DECISION
==============================================================================
Symbol		 : BTC/USDT:USDT
Decision		 : SHORT
Entry			 : $76,704.50
Stop Loss		 : $76,917.10
Take Profit	 : $75,536.50
Risk %		 : 0.5
R:R Ratio		 : 5.49
AI Comment	 : [MOCK] HTF trend bearish (3 unmitigated FVG, 4 bearish OB). Aşağıda likidite duvarı hedefleniyor. SL son swing high üstünde, R:R ≈ 5.49.
------------------------------------------------------------------------------
[JSON]: {"karar": "SHORT", "risk_yuzdesi": 0.5, "ai_yorumu": "[MOCK] HTF trend bearish (3 unmitigated FVG, 4 bearish OB). Aşağıda likidite duvarı hedefleniyor. SL son swing high üstünde, R:R ≈ 5.49.", "giris_fiyati": 76704.5, "stop_loss": 76917.1, "take_profit": 75536.5}
==============================================================================

==============================================================================
[2026-05-19 22:20:30 UTC] TRADE DECISION
==============================================================================
Symbol		 : BTC/USDT:USDT
Decision		 : SHORT
Entry			 : $76,722.40
Stop Loss		 : $76,935.00
Take Profit	 : $75,556.50
Risk %		 : 0.5
R:R Ratio		 : 5.48
AI Comment	 : [MOCK] HTF trend bearish (3 unmitigated FVG, 4 bearish OB). Aşağıda likidite duvarı hedefleniyor. SL son swing high üstünde, R:R ≈ 5.48.
------------------------------------------------------------------------------
[JSON]: {"karar": "SHORT", "risk_yuzdesi": 0.5, "ai_yorumu": "[MOCK] HTF trend bearish (3 unmitigated FVG, 4 bearish OB). Aşağıda likidite duvarı hedefleniyor. SL son swing high üstünde, R:R ≈ 5.48.", "giris_fiyati": 76722.4, "stop_loss": 76935.0, "take_profit": 75556.5}
==============================================================================

==============================================================================
[2026-05-19 22:20:46 UTC] TRADE DECISION
==============================================================================
Symbol		 : BTC/USDT:USDT
Decision		 : SHORT
Entry			 : $76,717.80
Stop Loss		 : $76,930.40
Take Profit	 : $75,585.50
Risk %		 : 0.5
R:R Ratio		 : 5.33
AI Comment	 : [MOCK] HTF trend bearish (3 unmitigated FVG, 4 bearish OB). Aşağıda likidite duvarı hedefleniyor. SL son swing high üstünde, R:R ≈ 5.33.
------------------------------------------------------------------------------
[JSON]: {"karar": "SHORT", "risk_yuzdesi": 0.5, "ai_yorumu": "[MOCK] HTF trend bearish (3 unmitigated FVG, 4 bearish OB). Aşağıda likidite duvarı hedefleniyor. SL son swing high üstünde, R:R ≈ 5.33.", "giris_fiyati": 76717.8, "stop_loss": 76930.4, "take_profit": 75585.5}
==============================================================================

==============================================================================
[2026-05-19 22:21:02 UTC] TRADE DECISION
==============================================================================
Symbol		 : BTC/USDT:USDT
Decision		 : SHORT
Entry			 : $76,707.10
Stop Loss		 : $76,919.70
Take Profit	 : $74,428.00
Risk %		 : 0.5
R:R Ratio		 : 10.72
AI Comment	 : [MOCK] HTF trend bearish (3 unmitigated FVG, 4 bearish OB). Aşağıda likidite duvarı hedefleniyor. SL son swing high üstünde, R:R ≈ 10.72.
------------------------------------------------------------------------------
[JSON]: {"karar": "SHORT", "risk_yuzdesi": 0.5, "ai_yorumu": "[MOCK] HTF trend bearish (3 unmitigated FVG, 4 bearish OB). Aşağıda likidite duvarı hedefleniyor. SL son swing high üstünde, R:R ≈ 10.72.", "giris_fiyati": 76707.1, "stop_loss": 76919.7, "take_profit": 74428.0}
==============================================================================

==============================================================================
[2026-05-19 22:21:17 UTC] TRADE DECISION
==============================================================================
Symbol		 : BTC/USDT:USDT
Decision		 : SHORT
Entry			 : $76,716.10
Stop Loss		 : $76,928.70
Take Profit	 : $75,559.50
Risk %		 : 0.5
R:R Ratio		 : 5.44
AI Comment	 : [MOCK] HTF trend bearish (3 unmitigated FVG, 4 bearish OB). Aşağıda likidite duvarı hedefleniyor. SL son swing high üstünde, R:R ≈ 5.44.
------------------------------------------------------------------------------
[JSON]: {"karar": "SHORT", "risk_yuzdesi": 0.5, "ai_yorumu": "[MOCK] HTF trend bearish (3 unmitigated FVG, 4 bearish OB). Aşağıda likidite duvarı hedefleniyor. SL son swing high üstünde, R:R ≈ 5.44.", "giris_fiyati": 76716.1, "stop_loss": 76928.7, "take_profit": 75559.5}
==============================================================================

==============================================================================
[2026-05-19 22:21:33 UTC] TRADE DECISION
==============================================================================
Symbol		 : BTC/USDT:USDT
Decision		 : SHORT
Entry			 : $76,716.10
Stop Loss		 : $76,928.70
Take Profit	 : $75,577.50
Risk %		 : 0.5
R:R Ratio		 : 5.36
AI Comment	 : [MOCK] HTF trend bearish (3 unmitigated FVG, 4 bearish OB). Aşağıda likidite duvarı hedefleniyor. SL son swing high üstünde, R:R ≈ 5.36.
------------------------------------------------------------------------------
[JSON]: {"karar": "SHORT", "risk_yuzdesi": 0.5, "ai_yorumu": "[MOCK] HTF trend bearish (3 unmitigated FVG, 4 bearish OB). Aşağıda likidite duvarı hedefleniyor. SL son swing high üstünde, R:R ≈ 5.36.", "giris_fiyati": 76716.1, "stop_loss": 76928.7, "take_profit": 75577.5}
==============================================================================

==============================================================================
[2026-05-19 22:21:49 UTC] TRADE DECISION
==============================================================================
Symbol		 : BTC/USDT:USDT
Decision		 : SHORT
Entry			 : $76,696.30
Stop Loss		 : $76,908.90
Take Profit	 : $74,413.00
Risk %		 : 0.5
R:R Ratio		 : 10.74
AI Comment	 : [MOCK] HTF trend bearish (3 unmitigated FVG, 4 bearish OB). Aşağıda likidite duvarı hedefleniyor. SL son swing high üstünde, R:R ≈ 10.74.
------------------------------------------------------------------------------
[JSON]: {"karar": "SHORT", "risk_yuzdesi": 0.5, "ai_yorumu": "[MOCK] HTF trend bearish (3 unmitigated FVG, 4 bearish OB). Aşağıda likidite duvarı hedefleniyor. SL son swing high üstünde, R:R ≈ 10.74.", "giris_fiyati": 76696.3, "stop_loss": 76908.9, "take_profit": 74413.0}
==============================================================================

==============================================================================
[2026-05-19 22:22:04 UTC] TRADE DECISION
==============================================================================
Symbol		 : BTC/USDT:USDT
Decision		 : SHORT
Entry			 : $76,666.50
Stop Loss		 : $76,879.10
Take Profit	 : $74,355.00
Risk %		 : 0.5
R:R Ratio		 : 10.87
AI Comment	 : [MOCK] HTF trend bearish (3 unmitigated FVG, 4 bearish OB). Aşağıda likidite duvarı hedefleniyor. SL son swing high üstünde, R:R ≈ 10.87.
------------------------------------------------------------------------------
[JSON]: {"karar": "SHORT", "risk_yuzdesi": 0.5, "ai_yorumu": "[MOCK] HTF trend bearish (3 unmitigated FVG, 4 bearish OB). Aşağıda likidite duvarı hedefleniyor. SL son swing high üstünde, R:R ≈ 10.87.", "giris_fiyati": 76666.5, "stop_loss": 76879.1, "take_profit": 74355.0}
==============================================================================

==============================================================================
[2026-05-19 22:22:20 UTC] TRADE DECISION
==============================================================================
Symbol		 : BTC/USDT:USDT
Decision		 : SHORT
Entry			 : $76,690.90
Stop Loss		 : $76,903.50
Take Profit	 : $75,532.50
Risk %		 : 0.5
R:R Ratio		 : 5.45
AI Comment	 : [MOCK] HTF trend bearish (3 unmitigated FVG, 4 bearish OB). Aşağıda likidite duvarı hedefleniyor. SL son swing high üstünde, R:R ≈ 5.45.
------------------------------------------------------------------------------
[JSON]: {"karar": "SHORT", "risk_yuzdesi": 0.5, "ai_yorumu": "[MOCK] HTF trend bearish (3 unmitigated FVG, 4 bearish OB). Aşağıda likidite duvarı hedefleniyor. SL son swing high üstünde, R:R ≈ 5.45.", "giris_fiyati": 76690.9, "stop_loss": 76903.5, "take_profit": 75532.5}
==============================================================================

==============================================================================
[2026-05-19 22:22:36 UTC] TRADE DECISION
==============================================================================
Symbol		 : BTC/USDT:USDT
Decision		 : SHORT
Entry			 : $76,671.60
Stop Loss		 : $76,884.20
Take Profit	 : $75,502.00
Risk %		 : 0.5
R:R Ratio		 : 5.50
AI Comment	 : [MOCK] HTF trend bearish (3 unmitigated FVG, 4 bearish OB). Aşağıda likidite duvarı hedefleniyor. SL son swing high üstünde, R:R ≈ 5.50.
------------------------------------------------------------------------------
[JSON]: {"karar": "SHORT", "risk_yuzdesi": 0.5, "ai_yorumu": "[MOCK] HTF trend bearish (3 unmitigated FVG, 4 bearish OB). Aşağıda likidite duvarı hedefleniyor. SL son swing high üstünde, R:R ≈ 5.50.", "giris_fiyati": 76671.6, "stop_loss": 76884.2, "take_profit": 75502.0}
==============================================================================

==============================================================================
[2026-05-19 22:22:52 UTC] TRADE DECISION
==============================================================================
Symbol		 : BTC/USDT:USDT
Decision		 : SHORT
Entry			 : $76,690.70
Stop Loss		 : $76,903.30
Take Profit	 : $75,561.00
Risk %		 : 0.5
R:R Ratio		 : 5.31
AI Comment	 : [MOCK] HTF trend bearish (3 unmitigated FVG, 4 bearish OB). Aşağıda likidite duvarı hedefleniyor. SL son swing high üstünde, R:R ≈ 5.31.
------------------------------------------------------------------------------
[JSON]: {"karar": "SHORT", "risk_yuzdesi": 0.5, "ai_yorumu": "[MOCK] HTF trend bearish (3 unmitigated FVG, 4 bearish OB). Aşağıda likidite duvarı hedefleniyor. SL son swing high üstünde, R:R ≈ 5.31.", "giris_fiyati": 76690.7, "stop_loss": 76903.3, "take_profit": 75561.0}
==============================================================================

==============================================================================
[2026-05-19 22:23:09 UTC] TRADE DECISION
==============================================================================
Symbol		 : BTC/USDT:USDT
Decision		 : SHORT
Entry			 : $76,695.70
Stop Loss		 : $76,908.30
Take Profit	 : $75,549.50
Risk %		 : 0.5
R:R Ratio		 : 5.39
AI Comment	 : [MOCK] HTF trend bearish (3 unmitigated FVG, 4 bearish OB). Aşağıda likidite duvarı hedefleniyor. SL son swing high üstünde, R:R ≈ 5.39.
------------------------------------------------------------------------------
[JSON]: {"karar": "SHORT", "risk_yuzdesi": 0.5, "ai_yorumu": "[MOCK] HTF trend bearish (3 unmitigated FVG, 4 bearish OB). Aşağıda likidite duvarı hedefleniyor. SL son swing high üstünde, R:R ≈ 5.39.", "giris_fiyati": 76695.7, "stop_loss": 76908.3, "take_profit": 75549.5}
==============================================================================

==============================================================================
[2026-05-19 22:23:24 UTC] TRADE DECISION
==============================================================================
Symbol		 : BTC/USDT:USDT
Decision		 : SHORT
Entry			 : $76,693.10
Stop Loss		 : $76,905.70
Take Profit	 : $75,550.50
Risk %		 : 0.5
R:R Ratio		 : 5.37
AI Comment	 : [MOCK] HTF trend bearish (3 unmitigated FVG, 4 bearish OB). Aşağıda likidite duvarı hedefleniyor. SL son swing high üstünde, R:R ≈ 5.37.
------------------------------------------------------------------------------
[JSON]: {"karar": "SHORT", "risk_yuzdesi": 0.5, "ai_yorumu": "[MOCK] HTF trend bearish (3 unmitigated FVG, 4 bearish OB). Aşağıda likidite duvarı hedefleniyor. SL son swing high üstünde, R:R ≈ 5.37.", "giris_fiyati": 76693.1, "stop_loss": 76905.7, "take_profit": 75550.5}
==============================================================================

==============================================================================
[2026-05-19 22:23:40 UTC] TRADE DECISION
==============================================================================
Symbol		 : BTC/USDT:USDT
Decision		 : SHORT
Entry			 : $76,685.30
Stop Loss		 : $76,897.90
Take Profit	 : $75,512.50
Risk %		 : 0.5
R:R Ratio		 : 5.52
AI Comment	 : [MOCK] HTF trend bearish (3 unmitigated FVG, 4 bearish OB). Aşağıda likidite duvarı hedefleniyor. SL son swing high üstünde, R:R ≈ 5.52.
------------------------------------------------------------------------------
[JSON]: {"karar": "SHORT", "risk_yuzdesi": 0.5, "ai_yorumu": "[MOCK] HTF trend bearish (3 unmitigated FVG, 4 bearish OB). Aşağıda likidite duvarı hedefleniyor. SL son swing high üstünde, R:R ≈ 5.52.", "giris_fiyati": 76685.3, "stop_loss": 76897.9, "take_profit": 75512.5}
==============================================================================

==============================================================================
[2026-05-19 22:23:56 UTC] TRADE DECISION
==============================================================================
Symbol		 : BTC/USDT:USDT
Decision		 : SHORT
Entry			 : $76,696.60
Stop Loss		 : $76,909.20
Take Profit	 : $74,368.00
Risk %		 : 0.5
R:R Ratio		 : 10.95
AI Comment	 : [MOCK] HTF trend bearish (3 unmitigated FVG, 4 bearish OB). Aşağıda likidite duvarı hedefleniyor. SL son swing high üstünde, R:R ≈ 10.95.
------------------------------------------------------------------------------
[JSON]: {"karar": "SHORT", "risk_yuzdesi": 0.5, "ai_yorumu": "[MOCK] HTF trend bearish (3 unmitigated FVG, 4 bearish OB). Aşağıda likidite duvarı hedefleniyor. SL son swing high üstünde, R:R ≈ 10.95.", "giris_fiyati": 76696.6, "stop_loss": 76909.2, "take_profit": 74368.0}
==============================================================================

==============================================================================
[2026-05-19 22:24:12 UTC] TRADE DECISION
==============================================================================
Symbol		 : BTC/USDT:USDT
Decision		 : SHORT
Entry			 : $76,698.00
Stop Loss		 : $76,910.60
Take Profit	 : $75,549.50
Risk %		 : 0.5
R:R Ratio		 : 5.40
AI Comment	 : [MOCK] HTF trend bearish (3 unmitigated FVG, 4 bearish OB). Aşağıda likidite duvarı hedefleniyor. SL son swing high üstünde, R:R ≈ 5.40.
------------------------------------------------------------------------------
[JSON]: {"karar": "SHORT", "risk_yuzdesi": 0.5, "ai_yorumu": "[MOCK] HTF trend bearish (3 unmitigated FVG, 4 bearish OB). Aşağıda likidite duvarı hedefleniyor. SL son swing high üstünde, R:R ≈ 5.40.", "giris_fiyati": 76698.0, "stop_loss": 76910.6, "take_profit": 75549.5}
==============================================================================

==============================================================================
[2026-05-19 22:24:28 UTC] TRADE DECISION
==============================================================================
Symbol		 : BTC/USDT:USDT
Decision		 : SHORT
Entry			 : $76,661.50
Stop Loss		 : $76,874.10
Take Profit	 : $74,372.00
Risk %		 : 0.5
R:R Ratio		 : 10.77
AI Comment	 : [MOCK] HTF trend bearish (3 unmitigated FVG, 4 bearish OB). Aşağıda likidite duvarı hedefleniyor. SL son swing high üstünde, R:R ≈ 10.77.
------------------------------------------------------------------------------
[JSON]: {"karar": "SHORT", "risk_yuzdesi": 0.5, "ai_yorumu": "[MOCK] HTF trend bearish (3 unmitigated FVG, 4 bearish OB). Aşağıda likidite duvarı hedefleniyor. SL son swing high üstünde, R:R ≈ 10.77.", "giris_fiyati": 76661.5, "stop_loss": 76874.1, "take_profit": 74372.0}
==============================================================================

==============================================================================
[2026-05-19 22:24:44 UTC] TRADE DECISION
==============================================================================
Symbol		 : BTC/USDT:USDT
Decision		 : SHORT
Entry			 : $76,651.90
Stop Loss		 : $76,864.52
Take Profit	 : $75,511.00
Risk %		 : 0.5
R:R Ratio		 : 5.37
AI Comment	 : [MOCK] HTF trend bearish (3 unmitigated FVG, 4 bearish OB). Aşağıda likidite duvarı hedefleniyor. SL son swing high üstünde, R:R ≈ 5.37.
------------------------------------------------------------------------------
[JSON]: {"karar": "SHORT", "risk_yuzdesi": 0.5, "ai_yorumu": "[MOCK] HTF trend bearish (3 unmitigated FVG, 4 bearish OB). Aşağıda likidite duvarı hedefleniyor. SL son swing high üstünde, R:R ≈ 5.37.", "giris_fiyati": 76651.9, "stop_loss": 76864.52, "take_profit": 75511.0}
==============================================================================

==============================================================================
[2026-05-19 22:25:00 UTC] TRADE DECISION
==============================================================================
Symbol		 : BTC/USDT:USDT
Decision		 : SHORT
Entry			 : $76,649.60
Stop Loss		 : $76,863.72
Take Profit	 : $74,380.00
Risk %		 : 0.5
R:R Ratio		 : 10.60
AI Comment	 : [MOCK] HTF trend bearish (3 unmitigated FVG, 4 bearish OB). Aşağıda likidite duvarı hedefleniyor. SL son swing high üstünde, R:R ≈ 10.60.
------------------------------------------------------------------------------
[JSON]: {"karar": "SHORT", "risk_yuzdesi": 0.5, "ai_yorumu": "[MOCK] HTF trend bearish (3 unmitigated FVG, 4 bearish OB). Aşağıda likidite duvarı hedefleniyor. SL son swing high üstünde, R:R ≈ 10.60.", "giris_fiyati": 76649.6, "stop_loss": 76863.72, "take_profit": 74380.0}
==============================================================================

==============================================================================
[2026-05-19 22:25:15 UTC] TRADE DECISION
==============================================================================
Symbol		 : BTC/USDT:USDT
Decision		 : SHORT
Entry			 : $76,645.40
Stop Loss		 : $76,859.52
Take Profit	 : $75,473.00
Risk %		 : 0.5
R:R Ratio		 : 5.48
AI Comment	 : [MOCK] HTF trend bearish (3 unmitigated FVG, 4 bearish OB). Aşağıda likidite duvarı hedefleniyor. SL son swing high üstünde, R:R ≈ 5.48.
------------------------------------------------------------------------------
[JSON]: {"karar": "SHORT", "risk_yuzdesi": 0.5, "ai_yorumu": "[MOCK] HTF trend bearish (3 unmitigated FVG, 4 bearish OB). Aşağıda likidite duvarı hedefleniyor. SL son swing high üstünde, R:R ≈ 5.48.", "giris_fiyati": 76645.4, "stop_loss": 76859.52, "take_profit": 75473.0}
==============================================================================

==============================================================================
[2026-05-19 22:25:31 UTC] TRADE DECISION
==============================================================================
Symbol		 : BTC/USDT:USDT
Decision		 : SHORT
Entry			 : $76,647.90
Stop Loss		 : $76,862.02
Take Profit	 : $75,503.00
Risk %		 : 0.5
R:R Ratio		 : 5.35
AI Comment	 : [MOCK] HTF trend bearish (3 unmitigated FVG, 4 bearish OB). Aşağıda likidite duvarı hedefleniyor. SL son swing high üstünde, R:R ≈ 5.35.
------------------------------------------------------------------------------
[JSON]: {"karar": "SHORT", "risk_yuzdesi": 0.5, "ai_yorumu": "[MOCK] HTF trend bearish (3 unmitigated FVG, 4 bearish OB). Aşağıda likidite duvarı hedefleniyor. SL son swing high üstünde, R:R ≈ 5.35.", "giris_fiyati": 76647.9, "stop_loss": 76862.02, "take_profit": 75503.0}
==============================================================================

==============================================================================
[2026-05-19 22:25:47 UTC] TRADE DECISION
==============================================================================
Symbol		 : BTC/USDT:USDT
Decision		 : SHORT
Entry			 : $76,640.60
Stop Loss		 : $76,857.51
Take Profit	 : $75,481.00
Risk %		 : 0.5
R:R Ratio		 : 5.35
AI Comment	 : [MOCK] HTF trend bearish (3 unmitigated FVG, 4 bearish OB). Aşağıda likidite duvarı hedefleniyor. SL son swing high üstünde, R:R ≈ 5.35.
------------------------------------------------------------------------------
[JSON]: {"karar": "SHORT", "risk_yuzdesi": 0.5, "ai_yorumu": "[MOCK] HTF trend bearish (3 unmitigated FVG, 4 bearish OB). Aşağıda likidite duvarı hedefleniyor. SL son swing high üstünde, R:R ≈ 5.35.", "giris_fiyati": 76640.6, "stop_loss": 76857.51, "take_profit": 75481.0}
==============================================================================

==============================================================================
[2026-05-19 22:26:03 UTC] TRADE DECISION
==============================================================================
Symbol		 : BTC/USDT:USDT
Decision		 : SHORT
Entry			 : $76,646.60
Stop Loss		 : $76,863.51
Take Profit	 : $74,337.00
Risk %		 : 0.5
R:R Ratio		 : 10.65
AI Comment	 : [MOCK] HTF trend bearish (3 unmitigated FVG, 4 bearish OB). Aşağıda likidite duvarı hedefleniyor. SL son swing high üstünde, R:R ≈ 10.65.
------------------------------------------------------------------------------
[JSON]: {"karar": "SHORT", "risk_yuzdesi": 0.5, "ai_yorumu": "[MOCK] HTF trend bearish (3 unmitigated FVG, 4 bearish OB). Aşağıda likidite duvarı hedefleniyor. SL son swing high üstünde, R:R ≈ 10.65.", "giris_fiyati": 76646.6, "stop_loss": 76863.51, "take_profit": 74337.0}
==============================================================================

==============================================================================
[2026-05-19 22:26:18 UTC] TRADE DECISION
==============================================================================
Symbol		 : BTC/USDT:USDT
Decision		 : SHORT
Entry			 : $76,636.30
Stop Loss		 : $76,853.21
Take Profit	 : $74,343.00
Risk %		 : 0.5
R:R Ratio		 : 10.57
AI Comment	 : [MOCK] HTF trend bearish (3 unmitigated FVG, 4 bearish OB). Aşağıda likidite duvarı hedefleniyor. SL son swing high üstünde, R:R ≈ 10.57.
------------------------------------------------------------------------------
[JSON]: {"karar": "SHORT", "risk_yuzdesi": 0.5, "ai_yorumu": "[MOCK] HTF trend bearish (3 unmitigated FVG, 4 bearish OB). Aşağıda likidite duvarı hedefleniyor. SL son swing high üstünde, R:R ≈ 10.57.", "giris_fiyati": 76636.3, "stop_loss": 76853.21, "take_profit": 74343.0}
==============================================================================

==============================================================================
[2026-05-19 22:26:34 UTC] TRADE DECISION
==============================================================================
Symbol		 : BTC/USDT:USDT
Decision		 : SHORT
Entry			 : $76,635.00
Stop Loss		 : $76,851.91
Take Profit	 : $76,258.00
Risk %		 : 0.5
R:R Ratio		 : 1.74
AI Comment	 : [MOCK] HTF trend bearish (3 unmitigated FVG, 4 bearish OB). Aşağıda likidite duvarı hedefleniyor. SL son swing high üstünde, R:R ≈ 1.74.
------------------------------------------------------------------------------
[JSON]: {"karar": "SHORT", "risk_yuzdesi": 0.5, "ai_yorumu": "[MOCK] HTF trend bearish (3 unmitigated FVG, 4 bearish OB). Aşağıda likidite duvarı hedefleniyor. SL son swing high üstünde, R:R ≈ 1.74.", "giris_fiyati": 76635.0, "stop_loss": 76851.91, "take_profit": 76258.0}
==============================================================================

==============================================================================
[2026-05-19 22:26:50 UTC] TRADE DECISION
==============================================================================
Symbol		 : BTC/USDT:USDT
Decision		 : SHORT
Entry			 : $76,625.50
Stop Loss		 : $76,842.41
Take Profit	 : $75,459.50
Risk %		 : 0.5
R:R Ratio		 : 5.38
AI Comment	 : [MOCK] HTF trend bearish (3 unmitigated FVG, 4 bearish OB). Aşağıda likidite duvarı hedefleniyor. SL son swing high üstünde, R:R ≈ 5.38.
------------------------------------------------------------------------------
[JSON]: {"karar": "SHORT", "risk_yuzdesi": 0.5, "ai_yorumu": "[MOCK] HTF trend bearish (3 unmitigated FVG, 4 bearish OB). Aşağıda likidite duvarı hedefleniyor. SL son swing high üstünde, R:R ≈ 5.38.", "giris_fiyati": 76625.5, "stop_loss": 76842.41, "take_profit": 75459.5}
==============================================================================

==============================================================================
[2026-05-19 22:27:06 UTC] TRADE DECISION
==============================================================================
Symbol		 : BTC/USDT:USDT
Decision		 : SHORT
Entry			 : $76,619.80
Stop Loss		 : $76,836.71
Take Profit	 : $75,484.50
Risk %		 : 0.5
R:R Ratio		 : 5.23
AI Comment	 : [MOCK] HTF trend bearish (3 unmitigated FVG, 4 bearish OB). Aşağıda likidite duvarı hedefleniyor. SL son swing high üstünde, R:R ≈ 5.23.
------------------------------------------------------------------------------
[JSON]: {"karar": "SHORT", "risk_yuzdesi": 0.5, "ai_yorumu": "[MOCK] HTF trend bearish (3 unmitigated FVG, 4 bearish OB). Aşağıda likidite duvarı hedefleniyor. SL son swing high üstünde, R:R ≈ 5.23.", "giris_fiyati": 76619.8, "stop_loss": 76836.71, "take_profit": 75484.5}
==============================================================================

==============================================================================
[2026-05-19 22:27:21 UTC] TRADE DECISION
==============================================================================
Symbol		 : BTC/USDT:USDT
Decision		 : SHORT
Entry			 : $76,611.00
Stop Loss		 : $76,828.06
Take Profit	 : $75,451.00
Risk %		 : 0.5
R:R Ratio		 : 5.34
AI Comment	 : [MOCK] HTF trend bearish (3 unmitigated FVG, 4 bearish OB). Aşağıda likidite duvarı hedefleniyor. SL son swing high üstünde, R:R ≈ 5.34.
------------------------------------------------------------------------------
[JSON]: {"karar": "SHORT", "risk_yuzdesi": 0.5, "ai_yorumu": "[MOCK] HTF trend bearish (3 unmitigated FVG, 4 bearish OB). Aşağıda likidite duvarı hedefleniyor. SL son swing high üstünde, R:R ≈ 5.34.", "giris_fiyati": 76611.0, "stop_loss": 76828.06, "take_profit": 75451.0}
==============================================================================

==============================================================================
[2026-05-19 22:27:37 UTC] TRADE DECISION
==============================================================================
Symbol		 : BTC/USDT:USDT
Decision		 : SHORT
Entry			 : $76,619.00
Stop Loss		 : $76,836.06
Take Profit	 : $75,458.00
Risk %		 : 0.5
R:R Ratio		 : 5.35
AI Comment	 : [MOCK] HTF trend bearish (3 unmitigated FVG, 4 bearish OB). Aşağıda likidite duvarı hedefleniyor. SL son swing high üstünde, R:R ≈ 5.35.
------------------------------------------------------------------------------
[JSON]: {"karar": "SHORT", "risk_yuzdesi": 0.5, "ai_yorumu": "[MOCK] HTF trend bearish (3 unmitigated FVG, 4 bearish OB). Aşağıda likidite duvarı hedefleniyor. SL son swing high üstünde, R:R ≈ 5.35.", "giris_fiyati": 76619.0, "stop_loss": 76836.06, "take_profit": 75458.0}
==============================================================================

==============================================================================
[2026-05-19 22:27:53 UTC] TRADE DECISION
==============================================================================
Symbol		 : BTC/USDT:USDT
Decision		 : SHORT
Entry			 : $76,638.40
Stop Loss		 : $76,855.46
Take Profit	 : $75,508.50
Risk %		 : 0.5
R:R Ratio		 : 5.21
AI Comment	 : [MOCK] HTF trend bearish (3 unmitigated FVG, 4 bearish OB). Aşağıda likidite duvarı hedefleniyor. SL son swing high üstünde, R:R ≈ 5.21.
------------------------------------------------------------------------------
[JSON]: {"karar": "SHORT", "risk_yuzdesi": 0.5, "ai_yorumu": "[MOCK] HTF trend bearish (3 unmitigated FVG, 4 bearish OB). Aşağıda likidite duvarı hedefleniyor. SL son swing high üstünde, R:R ≈ 5.21.", "giris_fiyati": 76638.4, "stop_loss": 76855.46, "take_profit": 75508.5}
==============================================================================

==============================================================================
[2026-05-19 22:28:09 UTC] TRADE DECISION
==============================================================================
Symbol		 : BTC/USDT:USDT
Decision		 : SHORT
Entry			 : $76,638.40
Stop Loss		 : $76,855.46
Take Profit	 : $75,492.50
Risk %		 : 0.5
R:R Ratio		 : 5.28
AI Comment	 : [MOCK] HTF trend bearish (3 unmitigated FVG, 4 bearish OB). Aşağıda likidite duvarı hedefleniyor. SL son swing high üstünde, R:R ≈ 5.28.
------------------------------------------------------------------------------
[JSON]: {"karar": "SHORT", "risk_yuzdesi": 0.5, "ai_yorumu": "[MOCK] HTF trend bearish (3 unmitigated FVG, 4 bearish OB). Aşağıda likidite duvarı hedefleniyor. SL son swing high üstünde, R:R ≈ 5.28.", "giris_fiyati": 76638.4, "stop_loss": 76855.46, "take_profit": 75492.5}
==============================================================================

==============================================================================
[2026-05-19 22:28:24 UTC] TRADE DECISION
==============================================================================
Symbol		 : BTC/USDT:USDT
Decision		 : SHORT
Entry			 : $76,638.40
Stop Loss		 : $76,855.46
Take Profit	 : $75,468.00
Risk %		 : 0.5
R:R Ratio		 : 5.39
AI Comment	 : [MOCK] HTF trend bearish (3 unmitigated FVG, 4 bearish OB). Aşağıda likidite duvarı hedefleniyor. SL son swing high üstünde, R:R ≈ 5.39.
------------------------------------------------------------------------------
[JSON]: {"karar": "SHORT", "risk_yuzdesi": 0.5, "ai_yorumu": "[MOCK] HTF trend bearish (3 unmitigated FVG, 4 bearish OB). Aşağıda likidite duvarı hedefleniyor. SL son swing high üstünde, R:R ≈ 5.39.", "giris_fiyati": 76638.4, "stop_loss": 76855.46, "take_profit": 75468.0}
==============================================================================

==============================================================================
[2026-05-19 22:28:40 UTC] TRADE DECISION
==============================================================================
Symbol		 : BTC/USDT:USDT
Decision		 : SHORT
Entry			 : $76,635.50
Stop Loss		 : $76,852.56
Take Profit	 : $75,491.00
Risk %		 : 0.5
R:R Ratio		 : 5.27
AI Comment	 : [MOCK] HTF trend bearish (3 unmitigated FVG, 4 bearish OB). Aşağıda likidite duvarı hedefleniyor. SL son swing high üstünde, R:R ≈ 5.27.
------------------------------------------------------------------------------
[JSON]: {"karar": "SHORT", "risk_yuzdesi": 0.5, "ai_yorumu": "[MOCK] HTF trend bearish (3 unmitigated FVG, 4 bearish OB). Aşağıda likidite duvarı hedefleniyor. SL son swing high üstünde, R:R ≈ 5.27.", "giris_fiyati": 76635.5, "stop_loss": 76852.56, "take_profit": 75491.0}
==============================================================================

==============================================================================
[2026-05-19 22:28:56 UTC] TRADE DECISION
==============================================================================
Symbol		 : BTC/USDT:USDT
Decision		 : SHORT
Entry			 : $76,635.40
Stop Loss		 : $76,852.46
Take Profit	 : $75,507.50
Risk %		 : 0.5
R:R Ratio		 : 5.20
AI Comment	 : [MOCK] HTF trend bearish (3 unmitigated FVG, 4 bearish OB). Aşağıda likidite duvarı hedefleniyor. SL son swing high üstünde, R:R ≈ 5.20.
------------------------------------------------------------------------------
[JSON]: {"karar": "SHORT", "risk_yuzdesi": 0.5, "ai_yorumu": "[MOCK] HTF trend bearish (3 unmitigated FVG, 4 bearish OB). Aşağıda likidite duvarı hedefleniyor. SL son swing high üstünde, R:R ≈ 5.20.", "giris_fiyati": 76635.4, "stop_loss": 76852.46, "take_profit": 75507.5}
==============================================================================

==============================================================================
[2026-05-19 22:29:12 UTC] TRADE DECISION
==============================================================================
Symbol		 : BTC/USDT:USDT
Decision		 : SHORT
Entry			 : $76,626.60
Stop Loss		 : $76,843.66
Take Profit	 : $75,498.50
Risk %		 : 0.5
R:R Ratio		 : 5.20
AI Comment	 : [MOCK] HTF trend bearish (3 unmitigated FVG, 4 bearish OB). Aşağıda likidite duvarı hedefleniyor. SL son swing high üstünde, R:R ≈ 5.20.
------------------------------------------------------------------------------
[JSON]: {"karar": "SHORT", "risk_yuzdesi": 0.5, "ai_yorumu": "[MOCK] HTF trend bearish (3 unmitigated FVG, 4 bearish OB). Aşağıda likidite duvarı hedefleniyor. SL son swing high üstünde, R:R ≈ 5.20.", "giris_fiyati": 76626.6, "stop_loss": 76843.66, "take_profit": 75498.5}
==============================================================================

==============================================================================
[2026-05-19 22:29:27 UTC] TRADE DECISION
==============================================================================
Symbol		 : BTC/USDT:USDT
Decision		 : SHORT
Entry			 : $76,626.60
Stop Loss		 : $76,843.66
Take Profit	 : $75,492.50
Risk %		 : 0.5
R:R Ratio		 : 5.22
AI Comment	 : [MOCK] HTF trend bearish (3 unmitigated FVG, 4 bearish OB). Aşağıda likidite duvarı hedefleniyor. SL son swing high üstünde, R:R ≈ 5.22.
------------------------------------------------------------------------------
[JSON]: {"karar": "SHORT", "risk_yuzdesi": 0.5, "ai_yorumu": "[MOCK] HTF trend bearish (3 unmitigated FVG, 4 bearish OB). Aşağıda likidite duvarı hedefleniyor. SL son swing high üstünde, R:R ≈ 5.22.", "giris_fiyati": 76626.6, "stop_loss": 76843.66, "take_profit": 75492.5}
==============================================================================

==============================================================================
[2026-05-19 22:29:43 UTC] TRADE DECISION
==============================================================================
Symbol		 : BTC/USDT:USDT
Decision		 : SHORT
Entry			 : $76,625.10
Stop Loss		 : $76,842.16
Take Profit	 : $75,495.00
Risk %		 : 0.5
R:R Ratio		 : 5.21
AI Comment	 : [MOCK] HTF trend bearish (3 unmitigated FVG, 4 bearish OB). Aşağıda likidite duvarı hedefleniyor. SL son swing high üstünde, R:R ≈ 5.21.
------------------------------------------------------------------------------
[JSON]: {"karar": "SHORT", "risk_yuzdesi": 0.5, "ai_yorumu": "[MOCK] HTF trend bearish (3 unmitigated FVG, 4 bearish OB). Aşağıda likidite duvarı hedefleniyor. SL son swing high üstünde, R:R ≈ 5.21.", "giris_fiyati": 76625.1, "stop_loss": 76842.16, "take_profit": 75495.0}
==============================================================================

==============================================================================
[2026-05-19 22:29:59 UTC] TRADE DECISION
==============================================================================
Symbol		 : BTC/USDT:USDT
Decision		 : SHORT
Entry			 : $76,638.90
Stop Loss		 : $76,855.96
Take Profit	 : $75,492.50
Risk %		 : 0.5
R:R Ratio		 : 5.28
AI Comment	 : [MOCK] HTF trend bearish (3 unmitigated FVG, 4 bearish OB). Aşağıda likidite duvarı hedefleniyor. SL son swing high üstünde, R:R ≈ 5.28.
------------------------------------------------------------------------------
[JSON]: {"karar": "SHORT", "risk_yuzdesi": 0.5, "ai_yorumu": "[MOCK] HTF trend bearish (3 unmitigated FVG, 4 bearish OB). Aşağıda likidite duvarı hedefleniyor. SL son swing high üstünde, R:R ≈ 5.28.", "giris_fiyati": 76638.9, "stop_loss": 76855.96, "take_profit": 75492.5}
==============================================================================

==============================================================================
[2026-05-19 22:30:15 UTC] TRADE DECISION
==============================================================================
Symbol		 : BTC/USDT:USDT
Decision		 : SHORT
Entry			 : $76,619.00
Stop Loss		 : $76,822.68
Take Profit	 : $75,464.50
Risk %		 : 0.5
R:R Ratio		 : 5.67
AI Comment	 : [MOCK] HTF trend bearish (4 unmitigated FVG, 4 bearish OB). Aşağıda likidite duvarı hedefleniyor. SL son swing high üstünde, R:R ≈ 5.67.
------------------------------------------------------------------------------
[JSON]: {"karar": "SHORT", "risk_yuzdesi": 0.5, "ai_yorumu": "[MOCK] HTF trend bearish (4 unmitigated FVG, 4 bearish OB). Aşağıda likidite duvarı hedefleniyor. SL son swing high üstünde, R:R ≈ 5.67.", "giris_fiyati": 76619.0, "stop_loss": 76822.68, "take_profit": 75464.5}
==============================================================================

==============================================================================
[2026-05-19 22:30:30 UTC] TRADE DECISION
==============================================================================
Symbol		 : BTC/USDT:USDT
Decision		 : SHORT
Entry			 : $76,616.20
Stop Loss		 : $76,820.74
Take Profit	 : $75,463.00
Risk %		 : 0.5
R:R Ratio		 : 5.64
AI Comment	 : [MOCK] HTF trend bearish (4 unmitigated FVG, 4 bearish OB). Aşağıda likidite duvarı hedefleniyor. SL son swing high üstünde, R:R ≈ 5.64.
------------------------------------------------------------------------------
[JSON]: {"karar": "SHORT", "risk_yuzdesi": 0.5, "ai_yorumu": "[MOCK] HTF trend bearish (4 unmitigated FVG, 4 bearish OB). Aşağıda likidite duvarı hedefleniyor. SL son swing high üstünde, R:R ≈ 5.64.", "giris_fiyati": 76616.2, "stop_loss": 76820.74, "take_profit": 75463.0}
==============================================================================

==============================================================================
[2026-05-19 22:30:46 UTC] TRADE DECISION
==============================================================================
Symbol		 : BTC/USDT:USDT
Decision		 : SHORT
Entry			 : $76,650.00
Stop Loss		 : $76,855.73
Take Profit	 : $75,489.50
Risk %		 : 0.5
R:R Ratio		 : 5.64
AI Comment	 : [MOCK] HTF trend bearish (4 unmitigated FVG, 4 bearish OB). Aşağıda likidite duvarı hedefleniyor. SL son swing high üstünde, R:R ≈ 5.64.
------------------------------------------------------------------------------
[JSON]: {"karar": "SHORT", "risk_yuzdesi": 0.5, "ai_yorumu": "[MOCK] HTF trend bearish (4 unmitigated FVG, 4 bearish OB). Aşağıda likidite duvarı hedefleniyor. SL son swing high üstünde, R:R ≈ 5.64.", "giris_fiyati": 76650.0, "stop_loss": 76855.73, "take_profit": 75489.5}
==============================================================================

==============================================================================
[2026-05-19 22:31:02 UTC] TRADE DECISION
==============================================================================
Symbol		 : BTC/USDT:USDT
Decision		 : SHORT
Entry			 : $76,668.70
Stop Loss		 : $76,876.44
Take Profit	 : $74,348.00
Risk %		 : 0.5
R:R Ratio		 : 11.17
AI Comment	 : [MOCK] HTF trend bearish (4 unmitigated FVG, 4 bearish OB). Aşağıda likidite duvarı hedefleniyor. SL son swing high üstünde, R:R ≈ 11.17.
------------------------------------------------------------------------------
[JSON]: {"karar": "SHORT", "risk_yuzdesi": 0.5, "ai_yorumu": "[MOCK] HTF trend bearish (4 unmitigated FVG, 4 bearish OB). Aşağıda likidite duvarı hedefleniyor. SL son swing high üstünde, R:R ≈ 11.17.", "giris_fiyati": 76668.7, "stop_loss": 76876.44, "take_profit": 74348.0}
==============================================================================

==============================================================================
[2026-05-19 22:31:18 UTC] TRADE DECISION
==============================================================================
Symbol		 : BTC/USDT:USDT
Decision		 : SHORT
Entry			 : $76,677.50
Stop Loss		 : $76,886.42
Take Profit	 : $75,514.50
Risk %		 : 0.5
R:R Ratio		 : 5.57
AI Comment	 : [MOCK] HTF trend bearish (4 unmitigated FVG, 4 bearish OB). Aşağıda likidite duvarı hedefleniyor. SL son swing high üstünde, R:R ≈ 5.57.
------------------------------------------------------------------------------
[JSON]: {"karar": "SHORT", "risk_yuzdesi": 0.5, "ai_yorumu": "[MOCK] HTF trend bearish (4 unmitigated FVG, 4 bearish OB). Aşağıda likidite duvarı hedefleniyor. SL son swing high üstünde, R:R ≈ 5.57.", "giris_fiyati": 76677.5, "stop_loss": 76886.42, "take_profit": 75514.5}
==============================================================================

==============================================================================
[2026-05-19 22:31:33 UTC] TRADE DECISION
==============================================================================
Symbol		 : BTC/USDT:USDT
Decision		 : SHORT
Entry			 : $76,669.10
Stop Loss		 : $76,878.02
Take Profit	 : $75,518.50
Risk %		 : 0.5
R:R Ratio		 : 5.51
AI Comment	 : [MOCK] HTF trend bearish (4 unmitigated FVG, 4 bearish OB). Aşağıda likidite duvarı hedefleniyor. SL son swing high üstünde, R:R ≈ 5.51.
------------------------------------------------------------------------------
[JSON]: {"karar": "SHORT", "risk_yuzdesi": 0.5, "ai_yorumu": "[MOCK] HTF trend bearish (4 unmitigated FVG, 4 bearish OB). Aşağıda likidite duvarı hedefleniyor. SL son swing high üstünde, R:R ≈ 5.51.", "giris_fiyati": 76669.1, "stop_loss": 76878.02, "take_profit": 75518.5}
==============================================================================

==============================================================================
[2026-05-19 22:31:49 UTC] TRADE DECISION
==============================================================================
Symbol		 : BTC/USDT:USDT
Decision		 : SHORT
Entry			 : $76,680.80
Stop Loss		 : $76,889.83
Take Profit	 : $75,533.50
Risk %		 : 0.5
R:R Ratio		 : 5.49
AI Comment	 : [MOCK] HTF trend bearish (4 unmitigated FVG, 4 bearish OB). Aşağıda likidite duvarı hedefleniyor. SL son swing high üstünde, R:R ≈ 5.49.
------------------------------------------------------------------------------
[JSON]: {"karar": "SHORT", "risk_yuzdesi": 0.5, "ai_yorumu": "[MOCK] HTF trend bearish (4 unmitigated FVG, 4 bearish OB). Aşağıda likidite duvarı hedefleniyor. SL son swing high üstünde, R:R ≈ 5.49.", "giris_fiyati": 76680.8, "stop_loss": 76889.83, "take_profit": 75533.5}
==============================================================================

==============================================================================
[2026-05-19 22:32:05 UTC] TRADE DECISION
==============================================================================
Symbol		 : BTC/USDT:USDT
Decision		 : SHORT
Entry			 : $76,689.50
Stop Loss		 : $76,899.46
Take Profit	 : $75,531.50
Risk %		 : 0.5
R:R Ratio		 : 5.52
AI Comment	 : [MOCK] HTF trend bearish (4 unmitigated FVG, 4 bearish OB). Aşağıda likidite duvarı hedefleniyor. SL son swing high üstünde, R:R ≈ 5.52.
------------------------------------------------------------------------------
[JSON]: {"karar": "SHORT", "risk_yuzdesi": 0.5, "ai_yorumu": "[MOCK] HTF trend bearish (4 unmitigated FVG, 4 bearish OB). Aşağıda likidite duvarı hedefleniyor. SL son swing high üstünde, R:R ≈ 5.52.", "giris_fiyati": 76689.5, "stop_loss": 76899.46, "take_profit": 75531.5}
==============================================================================

==============================================================================
[2026-05-19 22:32:20 UTC] TRADE DECISION
==============================================================================
Symbol		 : BTC/USDT:USDT
Decision		 : SHORT
Entry			 : $76,698.00
Stop Loss		 : $76,908.87
Take Profit	 : $74,410.00
Risk %		 : 0.5
R:R Ratio		 : 10.85
AI Comment	 : [MOCK] HTF trend bearish (4 unmitigated FVG, 4 bearish OB). Aşağıda likidite duvarı hedefleniyor. SL son swing high üstünde, R:R ≈ 10.85.
------------------------------------------------------------------------------
[JSON]: {"karar": "SHORT", "risk_yuzdesi": 0.5, "ai_yorumu": "[MOCK] HTF trend bearish (4 unmitigated FVG, 4 bearish OB). Aşağıda likidite duvarı hedefleniyor. SL son swing high üstünde, R:R ≈ 10.85.", "giris_fiyati": 76698.0, "stop_loss": 76908.87, "take_profit": 74410.0}
==============================================================================

==============================================================================
[2026-05-19 22:32:36 UTC] TRADE DECISION
==============================================================================
Symbol		 : BTC/USDT:USDT
Decision		 : SHORT
Entry			 : $76,699.90
Stop Loss		 : $76,911.65
Take Profit	 : $75,571.50
Risk %		 : 0.5
R:R Ratio		 : 5.33
AI Comment	 : [MOCK] HTF trend bearish (4 unmitigated FVG, 4 bearish OB). Aşağıda likidite duvarı hedefleniyor. SL son swing high üstünde, R:R ≈ 5.33.
------------------------------------------------------------------------------
[JSON]: {"karar": "SHORT", "risk_yuzdesi": 0.5, "ai_yorumu": "[MOCK] HTF trend bearish (4 unmitigated FVG, 4 bearish OB). Aşağıda likidite duvarı hedefleniyor. SL son swing high üstünde, R:R ≈ 5.33.", "giris_fiyati": 76699.9, "stop_loss": 76911.65, "take_profit": 75571.5}
==============================================================================

==============================================================================
[2026-05-19 22:32:52 UTC] TRADE DECISION
==============================================================================
Symbol		 : BTC/USDT:USDT
Decision		 : SHORT
Entry			 : $76,699.20
Stop Loss		 : $76,910.95
Take Profit	 : $75,533.50
Risk %		 : 0.5
R:R Ratio		 : 5.51
AI Comment	 : [MOCK] HTF trend bearish (4 unmitigated FVG, 4 bearish OB). Aşağıda likidite duvarı hedefleniyor. SL son swing high üstünde, R:R ≈ 5.51.
------------------------------------------------------------------------------
[JSON]: {"karar": "SHORT", "risk_yuzdesi": 0.5, "ai_yorumu": "[MOCK] HTF trend bearish (4 unmitigated FVG, 4 bearish OB). Aşağıda likidite duvarı hedefleniyor. SL son swing high üstünde, R:R ≈ 5.51.", "giris_fiyati": 76699.2, "stop_loss": 76910.95, "take_profit": 75533.5}
==============================================================================

==============================================================================
[2026-05-19 22:33:08 UTC] TRADE DECISION
==============================================================================
Symbol		 : BTC/USDT:USDT
Decision		 : SHORT
Entry			 : $76,733.70
Stop Loss		 : $76,948.41
Take Profit	 : $75,602.50
Risk %		 : 0.5
R:R Ratio		 : 5.27
AI Comment	 : [MOCK] HTF trend bearish (4 unmitigated FVG, 4 bearish OB). Aşağıda likidite duvarı hedefleniyor. SL son swing high üstünde, R:R ≈ 5.27.
------------------------------------------------------------------------------
[JSON]: {"karar": "SHORT", "risk_yuzdesi": 0.5, "ai_yorumu": "[MOCK] HTF trend bearish (4 unmitigated FVG, 4 bearish OB). Aşağıda likidite duvarı hedefleniyor. SL son swing high üstünde, R:R ≈ 5.27.", "giris_fiyati": 76733.7, "stop_loss": 76948.41, "take_profit": 75602.5}
==============================================================================

==============================================================================
[2026-05-19 22:33:24 UTC] TRADE DECISION
==============================================================================
Symbol		 : BTC/USDT:USDT
Decision		 : SHORT
Entry			 : $76,750.80
Stop Loss		 : $76,968.32
Take Profit	 : $75,620.50
Risk %		 : 0.5
R:R Ratio		 : 5.20
AI Comment	 : [MOCK] HTF trend bearish (4 unmitigated FVG, 4 bearish OB). Aşağıda likidite duvarı hedefleniyor. SL son swing high üstünde, R:R ≈ 5.20.
------------------------------------------------------------------------------
[JSON]: {"karar": "SHORT", "risk_yuzdesi": 0.5, "ai_yorumu": "[MOCK] HTF trend bearish (4 unmitigated FVG, 4 bearish OB). Aşağıda likidite duvarı hedefleniyor. SL son swing high üstünde, R:R ≈ 5.20.", "giris_fiyati": 76750.8, "stop_loss": 76968.32, "take_profit": 75620.5}
==============================================================================

==============================================================================
[2026-05-19 22:33:40 UTC] TRADE DECISION
==============================================================================
Symbol		 : BTC/USDT:USDT
Decision		 : SHORT
Entry			 : $76,742.40
Stop Loss		 : $76,960.03
Take Profit	 : $75,578.50
Risk %		 : 0.5
R:R Ratio		 : 5.35
AI Comment	 : [MOCK] HTF trend bearish (3 unmitigated FVG, 4 bearish OB). Aşağıda likidite duvarı hedefleniyor. SL son swing high üstünde, R:R ≈ 5.35.
------------------------------------------------------------------------------
[JSON]: {"karar": "SHORT", "risk_yuzdesi": 0.5, "ai_yorumu": "[MOCK] HTF trend bearish (3 unmitigated FVG, 4 bearish OB). Aşağıda likidite duvarı hedefleniyor. SL son swing high üstünde, R:R ≈ 5.35.", "giris_fiyati": 76742.4, "stop_loss": 76960.03, "take_profit": 75578.5}
==============================================================================

==============================================================================
[2026-05-19 22:33:55 UTC] TRADE DECISION
==============================================================================
Symbol		 : BTC/USDT:USDT
Decision		 : SHORT
Entry			 : $76,740.10
Stop Loss		 : $76,957.73
Take Profit	 : $75,577.50
Risk %		 : 0.5
R:R Ratio		 : 5.34
AI Comment	 : [MOCK] HTF trend bearish (3 unmitigated FVG, 4 bearish OB). Aşağıda likidite duvarı hedefleniyor. SL son swing high üstünde, R:R ≈ 5.34.
------------------------------------------------------------------------------
[JSON]: {"karar": "SHORT", "risk_yuzdesi": 0.5, "ai_yorumu": "[MOCK] HTF trend bearish (3 unmitigated FVG, 4 bearish OB). Aşağıda likidite duvarı hedefleniyor. SL son swing high üstünde, R:R ≈ 5.34.", "giris_fiyati": 76740.1, "stop_loss": 76957.73, "take_profit": 75577.5}
==============================================================================

==============================================================================
[2026-05-19 22:34:11 UTC] TRADE DECISION
==============================================================================
Symbol		 : BTC/USDT:USDT
Decision		 : SHORT
Entry			 : $76,744.80
Stop Loss		 : $76,962.43
Take Profit	 : $75,581.50
Risk %		 : 0.5
R:R Ratio		 : 5.35
AI Comment	 : [MOCK] HTF trend bearish (3 unmitigated FVG, 4 bearish OB). Aşağıda likidite duvarı hedefleniyor. SL son swing high üstünde, R:R ≈ 5.35.
------------------------------------------------------------------------------
[JSON]: {"karar": "SHORT", "risk_yuzdesi": 0.5, "ai_yorumu": "[MOCK] HTF trend bearish (3 unmitigated FVG, 4 bearish OB). Aşağıda likidite duvarı hedefleniyor. SL son swing high üstünde, R:R ≈ 5.35.", "giris_fiyati": 76744.8, "stop_loss": 76962.43, "take_profit": 75581.5}
==============================================================================

==============================================================================
[2026-05-19 22:34:27 UTC] TRADE DECISION
==============================================================================
Symbol		 : BTC/USDT:USDT
Decision		 : SHORT
Entry			 : $76,735.30
Stop Loss		 : $76,952.93
Take Profit	 : $75,592.50
Risk %		 : 0.5
R:R Ratio		 : 5.25
AI Comment	 : [MOCK] HTF trend bearish (3 unmitigated FVG, 4 bearish OB). Aşağıda likidite duvarı hedefleniyor. SL son swing high üstünde, R:R ≈ 5.25.
------------------------------------------------------------------------------
[JSON]: {"karar": "SHORT", "risk_yuzdesi": 0.5, "ai_yorumu": "[MOCK] HTF trend bearish (3 unmitigated FVG, 4 bearish OB). Aşağıda likidite duvarı hedefleniyor. SL son swing high üstünde, R:R ≈ 5.25.", "giris_fiyati": 76735.3, "stop_loss": 76952.93, "take_profit": 75592.5}
==============================================================================

==============================================================================
[2026-05-19 22:34:42 UTC] TRADE DECISION
==============================================================================
Symbol		 : BTC/USDT:USDT
Decision		 : SHORT
Entry			 : $76,739.30
Stop Loss		 : $76,956.93
Take Profit	 : $75,588.50
Risk %		 : 0.5
R:R Ratio		 : 5.29
AI Comment	 : [MOCK] HTF trend bearish (3 unmitigated FVG, 4 bearish OB). Aşağıda likidite duvarı hedefleniyor. SL son swing high üstünde, R:R ≈ 5.29.
------------------------------------------------------------------------------
[JSON]: {"karar": "SHORT", "risk_yuzdesi": 0.5, "ai_yorumu": "[MOCK] HTF trend bearish (3 unmitigated FVG, 4 bearish OB). Aşağıda likidite duvarı hedefleniyor. SL son swing high üstünde, R:R ≈ 5.29.", "giris_fiyati": 76739.3, "stop_loss": 76956.93, "take_profit": 75588.5}
==============================================================================

==============================================================================
[2026-05-19 22:34:58 UTC] TRADE DECISION
==============================================================================
Symbol		 : BTC/USDT:USDT
Decision		 : SHORT
Entry			 : $76,761.10
Stop Loss		 : $76,978.73
Take Profit	 : $75,629.50
Risk %		 : 0.5
R:R Ratio		 : 5.20
AI Comment	 : [MOCK] HTF trend bearish (3 unmitigated FVG, 4 bearish OB). Aşağıda likidite duvarı hedefleniyor. SL son swing high üstünde, R:R ≈ 5.20.
------------------------------------------------------------------------------
[JSON]: {"karar": "SHORT", "risk_yuzdesi": 0.5, "ai_yorumu": "[MOCK] HTF trend bearish (3 unmitigated FVG, 4 bearish OB). Aşağıda likidite duvarı hedefleniyor. SL son swing high üstünde, R:R ≈ 5.20.", "giris_fiyati": 76761.1, "stop_loss": 76978.73, "take_profit": 75629.5}
==============================================================================

==============================================================================
[2026-05-19 22:35:14 UTC] TRADE DECISION
==============================================================================
Symbol		 : BTC/USDT:USDT
Decision		 : SHORT
Entry			 : $76,746.80
Stop Loss		 : $76,964.77
Take Profit	 : $75,615.50
Risk %		 : 0.5
R:R Ratio		 : 5.19
AI Comment	 : [MOCK] HTF trend bearish (3 unmitigated FVG, 4 bearish OB). Aşağıda likidite duvarı hedefleniyor. SL son swing high üstünde, R:R ≈ 5.19.
------------------------------------------------------------------------------
[JSON]: {"karar": "SHORT", "risk_yuzdesi": 0.5, "ai_yorumu": "[MOCK] HTF trend bearish (3 unmitigated FVG, 4 bearish OB). Aşağıda likidite duvarı hedefleniyor. SL son swing high üstünde, R:R ≈ 5.19.", "giris_fiyati": 76746.8, "stop_loss": 76964.77, "take_profit": 75615.5}
==============================================================================

==============================================================================
[2026-05-19 22:35:30 UTC] TRADE DECISION
==============================================================================
Symbol		 : BTC/USDT:USDT
Decision		 : SHORT
Entry			 : $76,746.70
Stop Loss		 : $76,964.67
Take Profit	 : $75,608.50
Risk %		 : 0.5
R:R Ratio		 : 5.22
AI Comment	 : [MOCK] HTF trend bearish (3 unmitigated FVG, 4 bearish OB). Aşağıda likidite duvarı hedefleniyor. SL son swing high üstünde, R:R ≈ 5.22.
------------------------------------------------------------------------------
[JSON]: {"karar": "SHORT", "risk_yuzdesi": 0.5, "ai_yorumu": "[MOCK] HTF trend bearish (3 unmitigated FVG, 4 bearish OB). Aşağıda likidite duvarı hedefleniyor. SL son swing high üstünde, R:R ≈ 5.22.", "giris_fiyati": 76746.7, "stop_loss": 76964.67, "take_profit": 75608.5}
==============================================================================

==============================================================================
[2026-05-19 22:35:46 UTC] TRADE DECISION
==============================================================================
Symbol		 : BTC/USDT:USDT
Decision		 : SHORT
Entry			 : $76,741.10
Stop Loss		 : $76,959.07
Take Profit	 : $74,443.00
Risk %		 : 0.5
R:R Ratio		 : 10.54
AI Comment	 : [MOCK] HTF trend bearish (3 unmitigated FVG, 4 bearish OB). Aşağıda likidite duvarı hedefleniyor. SL son swing high üstünde, R:R ≈ 10.54.
------------------------------------------------------------------------------
[JSON]: {"karar": "SHORT", "risk_yuzdesi": 0.5, "ai_yorumu": "[MOCK] HTF trend bearish (3 unmitigated FVG, 4 bearish OB). Aşağıda likidite duvarı hedefleniyor. SL son swing high üstünde, R:R ≈ 10.54.", "giris_fiyati": 76741.1, "stop_loss": 76959.07, "take_profit": 74443.0}
==============================================================================

==============================================================================
[2026-05-19 22:36:02 UTC] TRADE DECISION
==============================================================================
Symbol		 : BTC/USDT:USDT
Decision		 : SHORT
Entry			 : $76,741.20
Stop Loss		 : $76,959.17
Take Profit	 : $74,426.50
Risk %		 : 0.5
R:R Ratio		 : 10.62
AI Comment	 : [MOCK] HTF trend bearish (3 unmitigated FVG, 4 bearish OB). Aşağıda likidite duvarı hedefleniyor. SL son swing high üstünde, R:R ≈ 10.62.
------------------------------------------------------------------------------
[JSON]: {"karar": "SHORT", "risk_yuzdesi": 0.5, "ai_yorumu": "[MOCK] HTF trend bearish (3 unmitigated FVG, 4 bearish OB). Aşağıda likidite duvarı hedefleniyor. SL son swing high üstünde, R:R ≈ 10.62.", "giris_fiyati": 76741.2, "stop_loss": 76959.17, "take_profit": 74426.5}
==============================================================================

==============================================================================
[2026-05-19 22:36:18 UTC] TRADE DECISION
==============================================================================
Symbol		 : BTC/USDT:USDT
Decision		 : SHORT
Entry			 : $76,710.30
Stop Loss		 : $76,928.27
Take Profit	 : $75,548.50
Risk %		 : 0.5
R:R Ratio		 : 5.33
AI Comment	 : [MOCK] HTF trend bearish (3 unmitigated FVG, 4 bearish OB). Aşağıda likidite duvarı hedefleniyor. SL son swing high üstünde, R:R ≈ 5.33.
------------------------------------------------------------------------------
[JSON]: {"karar": "SHORT", "risk_yuzdesi": 0.5, "ai_yorumu": "[MOCK] HTF trend bearish (3 unmitigated FVG, 4 bearish OB). Aşağıda likidite duvarı hedefleniyor. SL son swing high üstünde, R:R ≈ 5.33.", "giris_fiyati": 76710.3, "stop_loss": 76928.27, "take_profit": 75548.5}
==============================================================================

==============================================================================
[2026-05-19 22:36:33 UTC] TRADE DECISION
==============================================================================
Symbol		 : BTC/USDT:USDT
Decision		 : SHORT
Entry			 : $76,715.80
Stop Loss		 : $76,933.77
Take Profit	 : $75,572.50
Risk %		 : 0.5
R:R Ratio		 : 5.25
AI Comment	 : [MOCK] HTF trend bearish (3 unmitigated FVG, 4 bearish OB). Aşağıda likidite duvarı hedefleniyor. SL son swing high üstünde, R:R ≈ 5.25.
------------------------------------------------------------------------------
[JSON]: {"karar": "SHORT", "risk_yuzdesi": 0.5, "ai_yorumu": "[MOCK] HTF trend bearish (3 unmitigated FVG, 4 bearish OB). Aşağıda likidite duvarı hedefleniyor. SL son swing high üstünde, R:R ≈ 5.25.", "giris_fiyati": 76715.8, "stop_loss": 76933.77, "take_profit": 75572.5}
==============================================================================

==============================================================================
[2026-05-19 22:36:49 UTC] TRADE DECISION
==============================================================================
Symbol		 : BTC/USDT:USDT
Decision		 : SHORT
Entry			 : $76,695.20
Stop Loss		 : $76,913.17
Take Profit	 : $75,527.00
Risk %		 : 0.5
R:R Ratio		 : 5.36
AI Comment	 : [MOCK] HTF trend bearish (3 unmitigated FVG, 4 bearish OB). Aşağıda likidite duvarı hedefleniyor. SL son swing high üstünde, R:R ≈ 5.36.
------------------------------------------------------------------------------
[JSON]: {"karar": "SHORT", "risk_yuzdesi": 0.5, "ai_yorumu": "[MOCK] HTF trend bearish (3 unmitigated FVG, 4 bearish OB). Aşağıda likidite duvarı hedefleniyor. SL son swing high üstünde, R:R ≈ 5.36.", "giris_fiyati": 76695.2, "stop_loss": 76913.17, "take_profit": 75527.0}
==============================================================================

==============================================================================
[2026-05-19 22:37:05 UTC] TRADE DECISION
==============================================================================
Symbol		 : BTC/USDT:USDT
Decision		 : SHORT
Entry			 : $76,698.30
Stop Loss		 : $76,916.27
Take Profit	 : $75,549.50
Risk %		 : 0.5
R:R Ratio		 : 5.27
AI Comment	 : [MOCK] HTF trend bearish (3 unmitigated FVG, 4 bearish OB). Aşağıda likidite duvarı hedefleniyor. SL son swing high üstünde, R:R ≈ 5.27.
------------------------------------------------------------------------------
[JSON]: {"karar": "SHORT", "risk_yuzdesi": 0.5, "ai_yorumu": "[MOCK] HTF trend bearish (3 unmitigated FVG, 4 bearish OB). Aşağıda likidite duvarı hedefleniyor. SL son swing high üstünde, R:R ≈ 5.27.", "giris_fiyati": 76698.3, "stop_loss": 76916.27, "take_profit": 75549.5}
==============================================================================

==============================================================================
[2026-05-19 22:37:20 UTC] TRADE DECISION
==============================================================================
Symbol		 : BTC/USDT:USDT
Decision		 : SHORT
Entry			 : $76,698.40
Stop Loss		 : $76,916.37
Take Profit	 : $75,544.50
Risk %		 : 0.5
R:R Ratio		 : 5.29
AI Comment	 : [MOCK] HTF trend bearish (3 unmitigated FVG, 4 bearish OB). Aşağıda likidite duvarı hedefleniyor. SL son swing high üstünde, R:R ≈ 5.29.
------------------------------------------------------------------------------
[JSON]: {"karar": "SHORT", "risk_yuzdesi": 0.5, "ai_yorumu": "[MOCK] HTF trend bearish (3 unmitigated FVG, 4 bearish OB). Aşağıda likidite duvarı hedefleniyor. SL son swing high üstünde, R:R ≈ 5.29.", "giris_fiyati": 76698.4, "stop_loss": 76916.37, "take_profit": 75544.5}
==============================================================================

==============================================================================
[2026-05-19 22:37:37 UTC] TRADE DECISION
==============================================================================
Symbol		 : BTC/USDT:USDT
Decision		 : SHORT
Entry			 : $76,692.30
Stop Loss		 : $76,910.27
Take Profit	 : $75,553.50
Risk %		 : 0.5
R:R Ratio		 : 5.22
AI Comment	 : [MOCK] HTF trend bearish (3 unmitigated FVG, 4 bearish OB). Aşağıda likidite duvarı hedefleniyor. SL son swing high üstünde, R:R ≈ 5.22.
------------------------------------------------------------------------------
[JSON]: {"karar": "SHORT", "risk_yuzdesi": 0.5, "ai_yorumu": "[MOCK] HTF trend bearish (3 unmitigated FVG, 4 bearish OB). Aşağıda likidite duvarı hedefleniyor. SL son swing high üstünde, R:R ≈ 5.22.", "giris_fiyati": 76692.3, "stop_loss": 76910.27, "take_profit": 75553.5}
==============================================================================

==============================================================================
[2026-05-19 22:37:52 UTC] TRADE DECISION
==============================================================================
Symbol		 : BTC/USDT:USDT
Decision		 : SHORT
Entry			 : $76,691.90
Stop Loss		 : $76,909.87
Take Profit	 : $75,529.50
Risk %		 : 0.5
R:R Ratio		 : 5.33
AI Comment	 : [MOCK] HTF trend bearish (3 unmitigated FVG, 4 bearish OB). Aşağıda likidite duvarı hedefleniyor. SL son swing high üstünde, R:R ≈ 5.33.
------------------------------------------------------------------------------
[JSON]: {"karar": "SHORT", "risk_yuzdesi": 0.5, "ai_yorumu": "[MOCK] HTF trend bearish (3 unmitigated FVG, 4 bearish OB). Aşağıda likidite duvarı hedefleniyor. SL son swing high üstünde, R:R ≈ 5.33.", "giris_fiyati": 76691.9, "stop_loss": 76909.87, "take_profit": 75529.5}
==============================================================================

==============================================================================
[2026-05-19 22:38:08 UTC] TRADE DECISION
==============================================================================
Symbol		 : BTC/USDT:USDT
Decision		 : SHORT
Entry			 : $76,680.80
Stop Loss		 : $76,898.77
Take Profit	 : $74,412.00
Risk %		 : 0.5
R:R Ratio		 : 10.41
AI Comment	 : [MOCK] HTF trend bearish (3 unmitigated FVG, 4 bearish OB). Aşağıda likidite duvarı hedefleniyor. SL son swing high üstünde, R:R ≈ 10.41.
------------------------------------------------------------------------------
[JSON]: {"karar": "SHORT", "risk_yuzdesi": 0.5, "ai_yorumu": "[MOCK] HTF trend bearish (3 unmitigated FVG, 4 bearish OB). Aşağıda likidite duvarı hedefleniyor. SL son swing high üstünde, R:R ≈ 10.41.", "giris_fiyati": 76680.8, "stop_loss": 76898.77, "take_profit": 74412.0}
==============================================================================

==============================================================================
[2026-05-19 22:38:24 UTC] TRADE DECISION
==============================================================================
Symbol		 : BTC/USDT:USDT
Decision		 : SHORT
Entry			 : $76,689.10
Stop Loss		 : $76,907.07
Take Profit	 : $74,422.00
Risk %		 : 0.5
R:R Ratio		 : 10.40
AI Comment	 : [MOCK] HTF trend bearish (3 unmitigated FVG, 4 bearish OB). Aşağıda likidite duvarı hedefleniyor. SL son swing high üstünde, R:R ≈ 10.40.
------------------------------------------------------------------------------
[JSON]: {"karar": "SHORT", "risk_yuzdesi": 0.5, "ai_yorumu": "[MOCK] HTF trend bearish (3 unmitigated FVG, 4 bearish OB). Aşağıda likidite duvarı hedefleniyor. SL son swing high üstünde, R:R ≈ 10.40.", "giris_fiyati": 76689.1, "stop_loss": 76907.07, "take_profit": 74422.0}
==============================================================================

==============================================================================
[2026-05-19 22:38:39 UTC] TRADE DECISION
==============================================================================
Symbol		 : BTC/USDT:USDT
Decision		 : SHORT
Entry			 : $76,698.20
Stop Loss		 : $76,916.17
Take Profit	 : $75,552.50
Risk %		 : 0.5
R:R Ratio		 : 5.26
AI Comment	 : [MOCK] HTF trend bearish (3 unmitigated FVG, 4 bearish OB). Aşağıda likidite duvarı hedefleniyor. SL son swing high üstünde, R:R ≈ 5.26.
------------------------------------------------------------------------------
[JSON]: {"karar": "SHORT", "risk_yuzdesi": 0.5, "ai_yorumu": "[MOCK] HTF trend bearish (3 unmitigated FVG, 4 bearish OB). Aşağıda likidite duvarı hedefleniyor. SL son swing high üstünde, R:R ≈ 5.26.", "giris_fiyati": 76698.2, "stop_loss": 76916.17, "take_profit": 75552.5}
==============================================================================

==============================================================================
[2026-05-19 22:38:55 UTC] TRADE DECISION
==============================================================================
Symbol		 : BTC/USDT:USDT
Decision		 : SHORT
Entry			 : $76,698.20
Stop Loss		 : $76,916.17
Take Profit	 : $74,421.00
Risk %		 : 0.5
R:R Ratio		 : 10.45
AI Comment	 : [MOCK] HTF trend bearish (3 unmitigated FVG, 4 bearish OB). Aşağıda likidite duvarı hedefleniyor. SL son swing high üstünde, R:R ≈ 10.45.
------------------------------------------------------------------------------
[JSON]: {"karar": "SHORT", "risk_yuzdesi": 0.5, "ai_yorumu": "[MOCK] HTF trend bearish (3 unmitigated FVG, 4 bearish OB). Aşağıda likidite duvarı hedefleniyor. SL son swing high üstünde, R:R ≈ 10.45.", "giris_fiyati": 76698.2, "stop_loss": 76916.17, "take_profit": 74421.0}
==============================================================================

==============================================================================
[2026-05-19 22:39:11 UTC] TRADE DECISION
==============================================================================
Symbol		 : BTC/USDT:USDT
Decision		 : SHORT
Entry			 : $76,698.20
Stop Loss		 : $76,916.17
Take Profit	 : $75,533.50
Risk %		 : 0.5
R:R Ratio		 : 5.34
AI Comment	 : [MOCK] HTF trend bearish (3 unmitigated FVG, 4 bearish OB). Aşağıda likidite duvarı hedefleniyor. SL son swing high üstünde, R:R ≈ 5.34.
------------------------------------------------------------------------------
[JSON]: {"karar": "SHORT", "risk_yuzdesi": 0.5, "ai_yorumu": "[MOCK] HTF trend bearish (3 unmitigated FVG, 4 bearish OB). Aşağıda likidite duvarı hedefleniyor. SL son swing high üstünde, R:R ≈ 5.34.", "giris_fiyati": 76698.2, "stop_loss": 76916.17, "take_profit": 75533.5}
==============================================================================

==============================================================================
[2026-05-19 22:39:27 UTC] TRADE DECISION
==============================================================================
Symbol		 : BTC/USDT:USDT
Decision		 : SHORT
Entry			 : $76,698.10
Stop Loss		 : $76,916.07
Take Profit	 : $75,566.50
Risk %		 : 0.5
R:R Ratio		 : 5.19
AI Comment	 : [MOCK] HTF trend bearish (3 unmitigated FVG, 4 bearish OB). Aşağıda likidite duvarı hedefleniyor. SL son swing high üstünde, R:R ≈ 5.19.
------------------------------------------------------------------------------
[JSON]: {"karar": "SHORT", "risk_yuzdesi": 0.5, "ai_yorumu": "[MOCK] HTF trend bearish (3 unmitigated FVG, 4 bearish OB). Aşağıda likidite duvarı hedefleniyor. SL son swing high üstünde, R:R ≈ 5.19.", "giris_fiyati": 76698.1, "stop_loss": 76916.07, "take_profit": 75566.5}
==============================================================================

==============================================================================
[2026-05-19 22:39:42 UTC] TRADE DECISION
==============================================================================
Symbol		 : BTC/USDT:USDT
Decision		 : SHORT
Entry			 : $76,695.50
Stop Loss		 : $76,913.47
Take Profit	 : $75,566.50
Risk %		 : 0.5
R:R Ratio		 : 5.18
AI Comment	 : [MOCK] HTF trend bearish (3 unmitigated FVG, 4 bearish OB). Aşağıda likidite duvarı hedefleniyor. SL son swing high üstünde, R:R ≈ 5.18.
------------------------------------------------------------------------------
[JSON]: {"karar": "SHORT", "risk_yuzdesi": 0.5, "ai_yorumu": "[MOCK] HTF trend bearish (3 unmitigated FVG, 4 bearish OB). Aşağıda likidite duvarı hedefleniyor. SL son swing high üstünde, R:R ≈ 5.18.", "giris_fiyati": 76695.5, "stop_loss": 76913.47, "take_profit": 75566.5}
==============================================================================

==============================================================================
[2026-05-19 22:39:58 UTC] TRADE DECISION
==============================================================================
Symbol		 : BTC/USDT:USDT
Decision		 : SHORT
Entry			 : $76,690.00
Stop Loss		 : $76,907.97
Take Profit	 : $75,539.50
Risk %		 : 0.5
R:R Ratio		 : 5.28
AI Comment	 : [MOCK] HTF trend bearish (3 unmitigated FVG, 4 bearish OB). Aşağıda likidite duvarı hedefleniyor. SL son swing high üstünde, R:R ≈ 5.28.
------------------------------------------------------------------------------
[JSON]: {"karar": "SHORT", "risk_yuzdesi": 0.5, "ai_yorumu": "[MOCK] HTF trend bearish (3 unmitigated FVG, 4 bearish OB). Aşağıda likidite duvarı hedefleniyor. SL son swing high üstünde, R:R ≈ 5.28.", "giris_fiyati": 76690.0, "stop_loss": 76907.97, "take_profit": 75539.5}
==============================================================================
